14:11:55 **** Incremental Build of configuration Debug for project data_collector_CM7 ****
make -j4 all 
arm-none-eabi-gcc "../USB_DEVICE/Target/usbd_conf.c" -mcpu=cortex-m7 -std=gnu11 -g -DDEBUG -DCORE_CM7 -DUSE_HAL_DRIVER -DSTM32H755xx -DUSE_NUCLEO_64 -c -I../Core/Inc -I../../Drivers/STM32H7xx_HAL_Driver/Inc -I../../Drivers/STM32H7xx_HAL_Driver/Inc/Legacy -I../../Drivers/BSP/STM32H7xx_Nucleo -I../../Drivers/CMSIS/Device/ST/STM32H7xx/Include -I../../Drivers/CMSIS/Include -I../USB_DEVICE/App -I../USB_DEVICE/Target -I../../Middlewares/ST/STM32_USB_Device_Library/Core/Inc -I../../Middlewares/ST/STM32_USB_Device_Library/Class/CDC/Inc -Ofast -ffunction-sections -fdata-sections -Wall -fstack-usage -fcyclomatic-complexity -MMD -MP -MF"USB_DEVICE/Target/usbd_conf.d" -MT"USB_DEVICE/Target/usbd_conf.o" --specs=nano.specs -mfpu=fpv5-d16 -mfloat-abi=hard -mthumb -o "USB_DEVICE/Target/usbd_conf.o"
arm-none-eabi-gcc "../USB_DEVICE/App/usb_device.c" -mcpu=cortex-m7 -std=gnu11 -g -DDEBUG -DCORE_CM7 -DUSE_HAL_DRIVER -DSTM32H755xx -DUSE_NUCLEO_64 -c -I../Core/Inc -I../../Drivers/STM32H7xx_HAL_Driver/Inc -I../../Drivers/STM32H7xx_HAL_Driver/Inc/Legacy -I../../Drivers/BSP/STM32H7xx_Nucleo -I../../Drivers/CMSIS/Device/ST/STM32H7xx/Include -I../../Drivers/CMSIS/Include -I../USB_DEVICE/App -I../USB_DEVICE/Target -I../../Middlewares/ST/STM32_USB_Device_Library/Core/Inc -I../../Middlewares/ST/STM32_USB_Device_Library/Class/CDC/Inc -Ofast -ffunction-sections -fdata-sections -Wall -fstack-usage -fcyclomatic-complexity -MMD -MP -MF"USB_DEVICE/App/usb_device.d" -MT"USB_DEVICE/App/usb_device.o" --specs=nano.specs -mfpu=fpv5-d16 -mfloat-abi=hard -mthumb -o "USB_DEVICE/App/usb_device.o"
arm-none-eabi-gcc "../USB_DEVICE/App/usbd_cdc_if.c" -mcpu=cortex-m7 -std=gnu11 -g -DDEBUG -DCORE_CM7 -DUSE_HAL_DRIVER -DSTM32H755xx -DUSE_NUCLEO_64 -c -I../Core/Inc -I../../Drivers/STM32H7xx_HAL_Driver/Inc -I../../Drivers/STM32H7xx_HAL_Driver/Inc/Legacy -I../../Drivers/BSP/STM32H7xx_Nucleo -I../../Drivers/CMSIS/Device/ST/STM32H7xx/Include -I../../Drivers/CMSIS/Include -I../USB_DEVICE/App -I../USB_DEVICE/Target -I../../Middlewares/ST/STM32_USB_Device_Library/Core/Inc -I../../Middlewares/ST/STM32_USB_Device_Library/Class/CDC/Inc -Ofast -ffunction-sections -fdata-sections -Wall -fstack-usage -fcyclomatic-complexity -MMD -MP -MF"USB_DEVICE/App/usbd_cdc_if.d" -MT"USB_DEVICE/App/usbd_cdc_if.o" --specs=nano.specs -mfpu=fpv5-d16 -mfloat-abi=hard -mthumb -o "USB_DEVICE/App/usbd_cdc_if.o"
arm-none-eabi-gcc "../USB_DEVICE/App/usbd_desc.c" -mcpu=cortex-m7 -std=gnu11 -g -DDEBUG -DCORE_CM7 -DUSE_HAL_DRIVER -DSTM32H755xx -DUSE_NUCLEO_64 -c -I../Core/Inc -I../../Drivers/STM32H7xx_HAL_Driver/Inc -I../../Drivers/STM32H7xx_HAL_Driver/Inc/Legacy -I../../Drivers/BSP/STM32H7xx_Nucleo -I../../Drivers/CMSIS/Device/ST/STM32H7xx/Include -I../../Drivers/CMSIS/Include -I../USB_DEVICE/App -I../USB_DEVICE/Target -I../../Middlewares/ST/STM32_USB_Device_Library/Core/Inc -I../../Middlewares/ST/STM32_USB_Device_Library/Class/CDC/Inc -Ofast -ffunction-sections -fdata-sections -Wall -fstack-usage -fcyclomatic-complexity -MMD -MP -MF"USB_DEVICE/App/usbd_desc.d" -MT"USB_DEVICE/App/usbd_desc.o" --specs=nano.specs -mfpu=fpv5-d16 -mfloat-abi=hard -mthumb -o "USB_DEVICE/App/usbd_desc.o"
arm-none-eabi-gcc "C:/Users/uller/OneDrive - Danmarks Tekniske Universitet/Uni/Kandidat/Sommer semester/SpecialCourse/GIT/Pedictive-Maintenance/Projects/data_collector/Middlewares/ST/STM32_USB_Device_Library/Class/CDC/Src/usbd_cdc.c" -mcpu=cortex-m7 -std=gnu11 -g -DDEBUG -DCORE_CM7 -DUSE_HAL_DRIVER -DSTM32H755xx -DUSE_NUCLEO_64 -c -I../Core/Inc -I../../Drivers/STM32H7xx_HAL_Driver/Inc -I../../Drivers/STM32H7xx_HAL_Driver/Inc/Legacy -I../../Drivers/BSP/STM32H7xx_Nucleo -I../../Drivers/CMSIS/Device/ST/STM32H7xx/Include -I../../Drivers/CMSIS/Include -I../USB_DEVICE/App -I../USB_DEVICE/Target -I../../Middlewares/ST/STM32_USB_Device_Library/Core/Inc -I../../Middlewares/ST/STM32_USB_Device_Library/Class/CDC/Inc -Ofast -ffunction-sections -fdata-sections -Wall -fstack-usage -fcyclomatic-complexity -MMD -MP -MF"Middlewares/ST/STM32_USB_Device_Library/usbd_cdc.d" -MT"Middlewares/ST/STM32_USB_Device_Library/usbd_cdc.o" --specs=nano.specs -mfpu=fpv5-d16 -mfloat-abi=hard -mthumb -o "Middlewares/ST/STM32_USB_Device_Library/usbd_cdc.o"
arm-none-eabi-gcc "C:/Users/uller/OneDrive - Danmarks Tekniske Universitet/Uni/Kandidat/Sommer semester/SpecialCourse/GIT/Pedictive-Maintenance/Projects/data_collector/Middlewares/ST/STM32_USB_Device_Library/Core/Src/usbd_core.c" -mcpu=cortex-m7 -std=gnu11 -g -DDEBUG -DCORE_CM7 -DUSE_HAL_DRIVER -DSTM32H755xx -DUSE_NUCLEO_64 -c -I../Core/Inc -I../../Drivers/STM32H7xx_HAL_Driver/Inc -I../../Drivers/STM32H7xx_HAL_Driver/Inc/Legacy -I../../Drivers/BSP/STM32H7xx_Nucleo -I../../Drivers/CMSIS/Device/ST/STM32H7xx/Include -I../../Drivers/CMSIS/Include -I../USB_DEVICE/App -I../USB_DEVICE/Target -I../../Middlewares/ST/STM32_USB_Device_Library/Core/Inc -I../../Middlewares/ST/STM32_USB_Device_Library/Class/CDC/Inc -Ofast -ffunction-sections -fdata-sections -Wall -fstack-usage -fcyclomatic-complexity -MMD -MP -MF"Middlewares/ST/STM32_USB_Device_Library/usbd_core.d" -MT"Middlewares/ST/STM32_USB_Device_Library/usbd_core.o" --specs=nano.specs -mfpu=fpv5-d16 -mfloat-abi=hard -mthumb -o "Middlewares/ST/STM32_USB_Device_Library/usbd_core.o"
arm-none-eabi-gcc "C:/Users/uller/OneDrive - Danmarks Tekniske Universitet/Uni/Kandidat/Sommer semester/SpecialCourse/GIT/Pedictive-Maintenance/Projects/data_collector/Middlewares/ST/STM32_USB_Device_Library/Core/Src/usbd_ctlreq.c" -mcpu=cortex-m7 -std=gnu11 -g -DDEBUG -DCORE_CM7 -DUSE_HAL_DRIVER -DSTM32H755xx -DUSE_NUCLEO_64 -c -I../Core/Inc -I../../Drivers/STM32H7xx_HAL_Driver/Inc -I../../Drivers/STM32H7xx_HAL_Driver/Inc/Legacy -I../../Drivers/BSP/STM32H7xx_Nucleo -I../../Drivers/CMSIS/Device/ST/STM32H7xx/Include -I../../Drivers/CMSIS/Include -I../USB_DEVICE/App -I../USB_DEVICE/Target -I../../Middlewares/ST/STM32_USB_Device_Library/Core/Inc -I../../Middlewares/ST/STM32_USB_Device_Library/Class/CDC/Inc -Ofast -ffunction-sections -fdata-sections -Wall -fstack-usage -fcyclomatic-complexity -MMD -MP -MF"Middlewares/ST/STM32_USB_Device_Library/usbd_ctlreq.d" -MT"Middlewares/ST/STM32_USB_Device_Library/usbd_ctlreq.o" --specs=nano.specs -mfpu=fpv5-d16 -mfloat-abi=hard -mthumb -o "Middlewares/ST/STM32_USB_Device_Library/usbd_ctlreq.o"
arm-none-eabi-gcc "C:/Users/uller/OneDrive - Danmarks Tekniske Universitet/Uni/Kandidat/Sommer semester/SpecialCourse/GIT/Pedictive-Maintenance/Projects/data_collector/Middlewares/ST/STM32_USB_Device_Library/Core/Src/usbd_ioreq.c" -mcpu=cortex-m7 -std=gnu11 -g -DDEBUG -DCORE_CM7 -DUSE_HAL_DRIVER -DSTM32H755xx -DUSE_NUCLEO_64 -c -I../Core/Inc -I../../Drivers/STM32H7xx_HAL_Driver/Inc -I../../Drivers/STM32H7xx_HAL_Driver/Inc/Legacy -I../../Drivers/BSP/STM32H7xx_Nucleo -I../../Drivers/CMSIS/Device/ST/STM32H7xx/Include -I../../Drivers/CMSIS/Include -I../USB_DEVICE/App -I../USB_DEVICE/Target -I../../Middlewares/ST/STM32_USB_Device_Library/Core/Inc -I../../Middlewares/ST/STM32_USB_Device_Library/Class/CDC/Inc -Ofast -ffunction-sections -fdata-sections -Wall -fstack-usage -fcyclomatic-complexity -MMD -MP -MF"Middlewares/ST/STM32_USB_Device_Library/usbd_ioreq.d" -MT"Middlewares/ST/STM32_USB_Device_Library/usbd_ioreq.o" --specs=nano.specs -mfpu=fpv5-d16 -mfloat-abi=hard -mthumb -o "Middlewares/ST/STM32_USB_Device_Library/usbd_ioreq.o"
arm-none-eabi-gcc "../Core/Src/Sensor/temp_collect.c" -mcpu=cortex-m7 -std=gnu11 -g -DDEBUG -DCORE_CM7 -DUSE_HAL_DRIVER -DSTM32H755xx -DUSE_NUCLEO_64 -c -I../Core/Inc -I../../Drivers/STM32H7xx_HAL_Driver/Inc -I../../Drivers/STM32H7xx_HAL_Driver/Inc/Legacy -I../../Drivers/BSP/STM32H7xx_Nucleo -I../../Drivers/CMSIS/Device/ST/STM32H7xx/Include -I../../Drivers/CMSIS/Include -I../USB_DEVICE/App -I../USB_DEVICE/Target -I../../Middlewares/ST/STM32_USB_Device_Library/Core/Inc -I../../Middlewares/ST/STM32_USB_Device_Library/Class/CDC/Inc -Ofast -ffunction-sections -fdata-sections -Wall -fstack-usage -fcyclomatic-complexity -MMD -MP -MF"Core/Src/Sensor/temp_collect.d" -MT"Core/Src/Sensor/temp_collect.o" --specs=nano.specs -mfpu=fpv5-d16 -mfloat-abi=hard -mthumb -o "Core/Src/Sensor/temp_collect.o"
arm-none-eabi-gcc "../Core/Src/main.c" -mcpu=cortex-m7 -std=gnu11 -g -DDEBUG -DCORE_CM7 -DUSE_HAL_DRIVER -DSTM32H755xx -DUSE_NUCLEO_64 -c -I../Core/Inc -I../../Drivers/STM32H7xx_HAL_Driver/Inc -I../../Drivers/STM32H7xx_HAL_Driver/Inc/Legacy -I../../Drivers/BSP/STM32H7xx_Nucleo -I../../Drivers/CMSIS/Device/ST/STM32H7xx/Include -I../../Drivers/CMSIS/Include -I../USB_DEVICE/App -I../USB_DEVICE/Target -I../../Middlewares/ST/STM32_USB_Device_Library/Core/Inc -I../../Middlewares/ST/STM32_USB_Device_Library/Class/CDC/Inc -Ofast -ffunction-sections -fdata-sections -Wall -fstack-usage -fcyclomatic-complexity -MMD -MP -MF"Core/Src/main.d" -MT"Core/Src/main.o" --specs=nano.specs -mfpu=fpv5-d16 -mfloat-abi=hard -mthumb -o "Core/Src/main.o"
arm-none-eabi-gcc "../Core/Src/stm32h7xx_hal_msp.c" -mcpu=cortex-m7 -std=gnu11 -g -DDEBUG -DCORE_CM7 -DUSE_HAL_DRIVER -DSTM32H755xx -DUSE_NUCLEO_64 -c -I../Core/Inc -I../../Drivers/STM32H7xx_HAL_Driver/Inc -I../../Drivers/STM32H7xx_HAL_Driver/Inc/Legacy -I../../Drivers/BSP/STM32H7xx_Nucleo -I../../Drivers/CMSIS/Device/ST/STM32H7xx/Include -I../../Drivers/CMSIS/Include -I../USB_DEVICE/App -I../USB_DEVICE/Target -I../../Middlewares/ST/STM32_USB_Device_Library/Core/Inc -I../../Middlewares/ST/STM32_USB_Device_Library/Class/CDC/Inc -Ofast -ffunction-sections -fdata-sections -Wall -fstack-usage -fcyclomatic-complexity -MMD -MP -MF"Core/Src/stm32h7xx_hal_msp.d" -MT"Core/Src/stm32h7xx_hal_msp.o" --specs=nano.specs -mfpu=fpv5-d16 -mfloat-abi=hard -mthumb -o "Core/Src/stm32h7xx_hal_msp.o"
arm-none-eabi-gcc "../Core/Src/stm32h7xx_it.c" -mcpu=cortex-m7 -std=gnu11 -g -DDEBUG -DCORE_CM7 -DUSE_HAL_DRIVER -DSTM32H755xx -DUSE_NUCLEO_64 -c -I../Core/Inc -I../../Drivers/STM32H7xx_HAL_Driver/Inc -I../../Drivers/STM32H7xx_HAL_Driver/Inc/Legacy -I../../Drivers/BSP/STM32H7xx_Nucleo -I../../Drivers/CMSIS/Device/ST/STM32H7xx/Include -I../../Drivers/CMSIS/Include -I../USB_DEVICE/App -I../USB_DEVICE/Target -I../../Middlewares/ST/STM32_USB_Device_Library/Core/Inc -I../../Middlewares/ST/STM32_USB_Device_Library/Class/CDC/Inc -Ofast -ffunction-sections -fdata-sections -Wall -fstack-usage -fcyclomatic-complexity -MMD -MP -MF"Core/Src/stm32h7xx_it.d" -MT"Core/Src/stm32h7xx_it.o" --specs=nano.specs -mfpu=fpv5-d16 -mfloat-abi=hard -mthumb -o "Core/Src/stm32h7xx_it.o"
../Core/Src/Sensor/temp_collect.c:175:13: warning: 'platform_init' defined but not used [-Wunused-function]
  175 | static void platform_init(void)
      |             ^~~~~~~~~~~~~
../Core/Src/main.c: In function 'main':
../Core/Src/main.c:315:15: warning: unused variable 'reg' [-Wunused-variable]
  315 |       uint8_t reg;
      |               ^~~
../Core/Src/main.c:203:28: warning: unused variable 'int1_route' [-Wunused-variable]
  203 |   iis3dwb_pin_int1_route_t int1_route;
      |                            ^~~~~~~~~~
../Core/Src/main.c: At top level:
../Core/Src/main.c:84:14: warning: 'temperature_degC' defined but not used [-Wunused-variable]
   84 | static float temperature_degC;
      |              ^~~~~~~~~~~~~~~~
../Core/Src/main.c:82:16: warning: 'data_raw_temperature' defined but not used [-Wunused-variable]
   82 | static int16_t data_raw_temperature;
      |                ^~~~~~~~~~~~~~~~~~~~
arm-none-eabi-gcc -o "data_collector_CM7.elf" @"objects.list"   -mcpu=cortex-m7 -T"C:\Users\uller\OneDrive - Danmarks Tekniske Universitet\Uni\Kandidat\Sommer semester\SpecialCourse\GIT\Pedictive-Maintenance\Projects\data_collector\CM7\STM32H755ZITX_FLASH.ld" --specs=nosys.specs -Wl,-Map="data_collector_CM7.map" -Wl,--gc-sections -static -u_printf_float --specs=nano.specs -mfpu=fpv5-d16 -mfloat-abi=hard -mthumb -Wl,--start-group -lc -lm -Wl,--end-group
Finished building target: data_collector_CM7.elf
 
arm-none-eabi-size  data_collector_CM7.elf 
arm-none-eabi-objdump -h -S data_collector_CM7.elf  > "data_collector_CM7.list"
   text	   data	    bss	    dec	    hex	filename
  46344	    716	   9716	  56776	   ddc8	data_collector_CM7.elf
Finished building: default.size.stdout
 
Finished building: data_collector_CM7.list
 

14:12:02 Build Finished. 0 errors, 5 warnings. (took 7s.117ms)

