11:36:57 **** Build of configuration Debug for project IIS3DWB_CM4 ****
make -j4 all 
arm-none-eabi-gcc "C:/Users/uller/OneDrive - Danmarks Tekniske Universitet/Uni/Kandidat/Sommer semester/SpecialCourse/GIT/Pedictive-Maintenance/Projects/IIS3DWB/Drivers/STM32H7xx_HAL_Driver/Src/stm32h7xx_hal.c" -mcpu=cortex-m4 -std=gnu11 -g3 -DDEBUG -DCORE_CM4 -DUSE_HAL_DRIVER -DSTM32H755xx -DUSE_NUCLEO_64 -c -I../Core/Inc -I../../Drivers/STM32H7xx_HAL_Driver/Inc -I../../Drivers/STM32H7xx_HAL_Driver/Inc/Legacy -I../../Drivers/BSP/STM32H7xx_Nucleo -I../../Drivers/CMSIS/Device/ST/STM32H7xx/Include -I../../Drivers/CMSIS/Include -O0 -ffunction-sections -fdata-sections -Wall -fstack-usage -fcyclomatic-complexity -MMD -MP -MF"Drivers/STM32H7xx_HAL_Driver/stm32h7xx_hal.d" -MT"Drivers/STM32H7xx_HAL_Driver/stm32h7xx_hal.o" --specs=nano.specs -mfpu=fpv4-sp-d16 -mfloat-abi=hard -mthumb -o "Drivers/STM32H7xx_HAL_Driver/stm32h7xx_hal.o"
arm-none-eabi-gcc "C:/Users/uller/OneDrive - Danmarks Tekniske Universitet/Uni/Kandidat/Sommer semester/SpecialCourse/GIT/Pedictive-Maintenance/Projects/IIS3DWB/Drivers/STM32H7xx_HAL_Driver/Src/stm32h7xx_hal_cortex.c" -mcpu=cortex-m4 -std=gnu11 -g3 -DDEBUG -DCORE_CM4 -DUSE_HAL_DRIVER -DSTM32H755xx -DUSE_NUCLEO_64 -c -I../Core/Inc -I../../Drivers/STM32H7xx_HAL_Driver/Inc -I../../Drivers/STM32H7xx_HAL_Driver/Inc/Legacy -I../../Drivers/BSP/STM32H7xx_Nucleo -I../../Drivers/CMSIS/Device/ST/STM32H7xx/Include -I../../Drivers/CMSIS/Include -O0 -ffunction-sections -fdata-sections -Wall -fstack-usage -fcyclomatic-complexity -MMD -MP -MF"Drivers/STM32H7xx_HAL_Driver/stm32h7xx_hal_cortex.d" -MT"Drivers/STM32H7xx_HAL_Driver/stm32h7xx_hal_cortex.o" --specs=nano.specs -mfpu=fpv4-sp-d16 -mfloat-abi=hard -mthumb -o "Drivers/STM32H7xx_HAL_Driver/stm32h7xx_hal_cortex.o"
arm-none-eabi-gcc "C:/Users/uller/OneDrive - Danmarks Tekniske Universitet/Uni/Kandidat/Sommer semester/SpecialCourse/GIT/Pedictive-Maintenance/Projects/IIS3DWB/Drivers/STM32H7xx_HAL_Driver/Src/stm32h7xx_hal_dma.c" -mcpu=cortex-m4 -std=gnu11 -g3 -DDEBUG -DCORE_CM4 -DUSE_HAL_DRIVER -DSTM32H755xx -DUSE_NUCLEO_64 -c -I../Core/Inc -I../../Drivers/STM32H7xx_HAL_Driver/Inc -I../../Drivers/STM32H7xx_HAL_Driver/Inc/Legacy -I../../Drivers/BSP/STM32H7xx_Nucleo -I../../Drivers/CMSIS/Device/ST/STM32H7xx/Include -I../../Drivers/CMSIS/Include -O0 -ffunction-sections -fdata-sections -Wall -fstack-usage -fcyclomatic-complexity -MMD -MP -MF"Drivers/STM32H7xx_HAL_Driver/stm32h7xx_hal_dma.d" -MT"Drivers/STM32H7xx_HAL_Driver/stm32h7xx_hal_dma.o" --specs=nano.specs -mfpu=fpv4-sp-d16 -mfloat-abi=hard -mthumb -o "Drivers/STM32H7xx_HAL_Driver/stm32h7xx_hal_dma.o"
arm-none-eabi-gcc "C:/Users/uller/OneDrive - Danmarks Tekniske Universitet/Uni/Kandidat/Sommer semester/SpecialCourse/GIT/Pedictive-Maintenance/Projects/IIS3DWB/Drivers/STM32H7xx_HAL_Driver/Src/stm32h7xx_hal_dma_ex.c" -mcpu=cortex-m4 -std=gnu11 -g3 -DDEBUG -DCORE_CM4 -DUSE_HAL_DRIVER -DSTM32H755xx -DUSE_NUCLEO_64 -c -I../Core/Inc -I../../Drivers/STM32H7xx_HAL_Driver/Inc -I../../Drivers/STM32H7xx_HAL_Driver/Inc/Legacy -I../../Drivers/BSP/STM32H7xx_Nucleo -I../../Drivers/CMSIS/Device/ST/STM32H7xx/Include -I../../Drivers/CMSIS/Include -O0 -ffunction-sections -fdata-sections -Wall -fstack-usage -fcyclomatic-complexity -MMD -MP -MF"Drivers/STM32H7xx_HAL_Driver/stm32h7xx_hal_dma_ex.d" -MT"Drivers/STM32H7xx_HAL_Driver/stm32h7xx_hal_dma_ex.o" --specs=nano.specs -mfpu=fpv4-sp-d16 -mfloat-abi=hard -mthumb -o "Drivers/STM32H7xx_HAL_Driver/stm32h7xx_hal_dma_ex.o"
arm-none-eabi-gcc "C:/Users/uller/OneDrive - Danmarks Tekniske Universitet/Uni/Kandidat/Sommer semester/SpecialCourse/GIT/Pedictive-Maintenance/Projects/IIS3DWB/Drivers/STM32H7xx_HAL_Driver/Src/stm32h7xx_hal_exti.c" -mcpu=cortex-m4 -std=gnu11 -g3 -DDEBUG -DCORE_CM4 -DUSE_HAL_DRIVER -DSTM32H755xx -DUSE_NUCLEO_64 -c -I../Core/Inc -I../../Drivers/STM32H7xx_HAL_Driver/Inc -I../../Drivers/STM32H7xx_HAL_Driver/Inc/Legacy -I../../Drivers/BSP/STM32H7xx_Nucleo -I../../Drivers/CMSIS/Device/ST/STM32H7xx/Include -I../../Drivers/CMSIS/Include -O0 -ffunction-sections -fdata-sections -Wall -fstack-usage -fcyclomatic-complexity -MMD -MP -MF"Drivers/STM32H7xx_HAL_Driver/stm32h7xx_hal_exti.d" -MT"Drivers/STM32H7xx_HAL_Driver/stm32h7xx_hal_exti.o" --specs=nano.specs -mfpu=fpv4-sp-d16 -mfloat-abi=hard -mthumb -o "Drivers/STM32H7xx_HAL_Driver/stm32h7xx_hal_exti.o"
arm-none-eabi-gcc "C:/Users/uller/OneDrive - Danmarks Tekniske Universitet/Uni/Kandidat/Sommer semester/SpecialCourse/GIT/Pedictive-Maintenance/Projects/IIS3DWB/Drivers/STM32H7xx_HAL_Driver/Src/stm32h7xx_hal_flash.c" -mcpu=cortex-m4 -std=gnu11 -g3 -DDEBUG -DCORE_CM4 -DUSE_HAL_DRIVER -DSTM32H755xx -DUSE_NUCLEO_64 -c -I../Core/Inc -I../../Drivers/STM32H7xx_HAL_Driver/Inc -I../../Drivers/STM32H7xx_HAL_Driver/Inc/Legacy -I../../Drivers/BSP/STM32H7xx_Nucleo -I../../Drivers/CMSIS/Device/ST/STM32H7xx/Include -I../../Drivers/CMSIS/Include -O0 -ffunction-sections -fdata-sections -Wall -fstack-usage -fcyclomatic-complexity -MMD -MP -MF"Drivers/STM32H7xx_HAL_Driver/stm32h7xx_hal_flash.d" -MT"Drivers/STM32H7xx_HAL_Driver/stm32h7xx_hal_flash.o" --specs=nano.specs -mfpu=fpv4-sp-d16 -mfloat-abi=hard -mthumb -o "Drivers/STM32H7xx_HAL_Driver/stm32h7xx_hal_flash.o"
arm-none-eabi-gcc "C:/Users/uller/OneDrive - Danmarks Tekniske Universitet/Uni/Kandidat/Sommer semester/SpecialCourse/GIT/Pedictive-Maintenance/Projects/IIS3DWB/Drivers/STM32H7xx_HAL_Driver/Src/stm32h7xx_hal_flash_ex.c" -mcpu=cortex-m4 -std=gnu11 -g3 -DDEBUG -DCORE_CM4 -DUSE_HAL_DRIVER -DSTM32H755xx -DUSE_NUCLEO_64 -c -I../Core/Inc -I../../Drivers/STM32H7xx_HAL_Driver/Inc -I../../Drivers/STM32H7xx_HAL_Driver/Inc/Legacy -I../../Drivers/BSP/STM32H7xx_Nucleo -I../../Drivers/CMSIS/Device/ST/STM32H7xx/Include -I../../Drivers/CMSIS/Include -O0 -ffunction-sections -fdata-sections -Wall -fstack-usage -fcyclomatic-complexity -MMD -MP -MF"Drivers/STM32H7xx_HAL_Driver/stm32h7xx_hal_flash_ex.d" -MT"Drivers/STM32H7xx_HAL_Driver/stm32h7xx_hal_flash_ex.o" --specs=nano.specs -mfpu=fpv4-sp-d16 -mfloat-abi=hard -mthumb -o "Drivers/STM32H7xx_HAL_Driver/stm32h7xx_hal_flash_ex.o"
arm-none-eabi-gcc "C:/Users/uller/OneDrive - Danmarks Tekniske Universitet/Uni/Kandidat/Sommer semester/SpecialCourse/GIT/Pedictive-Maintenance/Projects/IIS3DWB/Drivers/STM32H7xx_HAL_Driver/Src/stm32h7xx_hal_gpio.c" -mcpu=cortex-m4 -std=gnu11 -g3 -DDEBUG -DCORE_CM4 -DUSE_HAL_DRIVER -DSTM32H755xx -DUSE_NUCLEO_64 -c -I../Core/Inc -I../../Drivers/STM32H7xx_HAL_Driver/Inc -I../../Drivers/STM32H7xx_HAL_Driver/Inc/Legacy -I../../Drivers/BSP/STM32H7xx_Nucleo -I../../Drivers/CMSIS/Device/ST/STM32H7xx/Include -I../../Drivers/CMSIS/Include -O0 -ffunction-sections -fdata-sections -Wall -fstack-usage -fcyclomatic-complexity -MMD -MP -MF"Drivers/STM32H7xx_HAL_Driver/stm32h7xx_hal_gpio.d" -MT"Drivers/STM32H7xx_HAL_Driver/stm32h7xx_hal_gpio.o" --specs=nano.specs -mfpu=fpv4-sp-d16 -mfloat-abi=hard -mthumb -o "Drivers/STM32H7xx_HAL_Driver/stm32h7xx_hal_gpio.o"
arm-none-eabi-gcc "C:/Users/uller/OneDrive - Danmarks Tekniske Universitet/Uni/Kandidat/Sommer semester/SpecialCourse/GIT/Pedictive-Maintenance/Projects/IIS3DWB/Drivers/STM32H7xx_HAL_Driver/Src/stm32h7xx_hal_hsem.c" -mcpu=cortex-m4 -std=gnu11 -g3 -DDEBUG -DCORE_CM4 -DUSE_HAL_DRIVER -DSTM32H755xx -DUSE_NUCLEO_64 -c -I../Core/Inc -I../../Drivers/STM32H7xx_HAL_Driver/Inc -I../../Drivers/STM32H7xx_HAL_Driver/Inc/Legacy -I../../Drivers/BSP/STM32H7xx_Nucleo -I../../Drivers/CMSIS/Device/ST/STM32H7xx/Include -I../../Drivers/CMSIS/Include -O0 -ffunction-sections -fdata-sections -Wall -fstack-usage -fcyclomatic-complexity -MMD -MP -MF"Drivers/STM32H7xx_HAL_Driver/stm32h7xx_hal_hsem.d" -MT"Drivers/STM32H7xx_HAL_Driver/stm32h7xx_hal_hsem.o" --specs=nano.specs -mfpu=fpv4-sp-d16 -mfloat-abi=hard -mthumb -o "Drivers/STM32H7xx_HAL_Driver/stm32h7xx_hal_hsem.o"
arm-none-eabi-gcc "C:/Users/uller/OneDrive - Danmarks Tekniske Universitet/Uni/Kandidat/Sommer semester/SpecialCourse/GIT/Pedictive-Maintenance/Projects/IIS3DWB/Drivers/STM32H7xx_HAL_Driver/Src/stm32h7xx_hal_i2c.c" -mcpu=cortex-m4 -std=gnu11 -g3 -DDEBUG -DCORE_CM4 -DUSE_HAL_DRIVER -DSTM32H755xx -DUSE_NUCLEO_64 -c -I../Core/Inc -I../../Drivers/STM32H7xx_HAL_Driver/Inc -I../../Drivers/STM32H7xx_HAL_Driver/Inc/Legacy -I../../Drivers/BSP/STM32H7xx_Nucleo -I../../Drivers/CMSIS/Device/ST/STM32H7xx/Include -I../../Drivers/CMSIS/Include -O0 -ffunction-sections -fdata-sections -Wall -fstack-usage -fcyclomatic-complexity -MMD -MP -MF"Drivers/STM32H7xx_HAL_Driver/stm32h7xx_hal_i2c.d" -MT"Drivers/STM32H7xx_HAL_Driver/stm32h7xx_hal_i2c.o" --specs=nano.specs -mfpu=fpv4-sp-d16 -mfloat-abi=hard -mthumb -o "Drivers/STM32H7xx_HAL_Driver/stm32h7xx_hal_i2c.o"
arm-none-eabi-gcc "C:/Users/uller/OneDrive - Danmarks Tekniske Universitet/Uni/Kandidat/Sommer semester/SpecialCourse/GIT/Pedictive-Maintenance/Projects/IIS3DWB/Drivers/STM32H7xx_HAL_Driver/Src/stm32h7xx_hal_i2c_ex.c" -mcpu=cortex-m4 -std=gnu11 -g3 -DDEBUG -DCORE_CM4 -DUSE_HAL_DRIVER -DSTM32H755xx -DUSE_NUCLEO_64 -c -I../Core/Inc -I../../Drivers/STM32H7xx_HAL_Driver/Inc -I../../Drivers/STM32H7xx_HAL_Driver/Inc/Legacy -I../../Drivers/BSP/STM32H7xx_Nucleo -I../../Drivers/CMSIS/Device/ST/STM32H7xx/Include -I../../Drivers/CMSIS/Include -O0 -ffunction-sections -fdata-sections -Wall -fstack-usage -fcyclomatic-complexity -MMD -MP -MF"Drivers/STM32H7xx_HAL_Driver/stm32h7xx_hal_i2c_ex.d" -MT"Drivers/STM32H7xx_HAL_Driver/stm32h7xx_hal_i2c_ex.o" --specs=nano.specs -mfpu=fpv4-sp-d16 -mfloat-abi=hard -mthumb -o "Drivers/STM32H7xx_HAL_Driver/stm32h7xx_hal_i2c_ex.o"
arm-none-eabi-gcc "C:/Users/uller/OneDrive - Danmarks Tekniske Universitet/Uni/Kandidat/Sommer semester/SpecialCourse/GIT/Pedictive-Maintenance/Projects/IIS3DWB/Drivers/STM32H7xx_HAL_Driver/Src/stm32h7xx_hal_mdma.c" -mcpu=cortex-m4 -std=gnu11 -g3 -DDEBUG -DCORE_CM4 -DUSE_HAL_DRIVER -DSTM32H755xx -DUSE_NUCLEO_64 -c -I../Core/Inc -I../../Drivers/STM32H7xx_HAL_Driver/Inc -I../../Drivers/STM32H7xx_HAL_Driver/Inc/Legacy -I../../Drivers/BSP/STM32H7xx_Nucleo -I../../Drivers/CMSIS/Device/ST/STM32H7xx/Include -I../../Drivers/CMSIS/Include -O0 -ffunction-sections -fdata-sections -Wall -fstack-usage -fcyclomatic-complexity -MMD -MP -MF"Drivers/STM32H7xx_HAL_Driver/stm32h7xx_hal_mdma.d" -MT"Drivers/STM32H7xx_HAL_Driver/stm32h7xx_hal_mdma.o" --specs=nano.specs -mfpu=fpv4-sp-d16 -mfloat-abi=hard -mthumb -o "Drivers/STM32H7xx_HAL_Driver/stm32h7xx_hal_mdma.o"
arm-none-eabi-gcc "C:/Users/uller/OneDrive - Danmarks Tekniske Universitet/Uni/Kandidat/Sommer semester/SpecialCourse/GIT/Pedictive-Maintenance/Projects/IIS3DWB/Drivers/STM32H7xx_HAL_Driver/Src/stm32h7xx_hal_pwr.c" -mcpu=cortex-m4 -std=gnu11 -g3 -DDEBUG -DCORE_CM4 -DUSE_HAL_DRIVER -DSTM32H755xx -DUSE_NUCLEO_64 -c -I../Core/Inc -I../../Drivers/STM32H7xx_HAL_Driver/Inc -I../../Drivers/STM32H7xx_HAL_Driver/Inc/Legacy -I../../Drivers/BSP/STM32H7xx_Nucleo -I../../Drivers/CMSIS/Device/ST/STM32H7xx/Include -I../../Drivers/CMSIS/Include -O0 -ffunction-sections -fdata-sections -Wall -fstack-usage -fcyclomatic-complexity -MMD -MP -MF"Drivers/STM32H7xx_HAL_Driver/stm32h7xx_hal_pwr.d" -MT"Drivers/STM32H7xx_HAL_Driver/stm32h7xx_hal_pwr.o" --specs=nano.specs -mfpu=fpv4-sp-d16 -mfloat-abi=hard -mthumb -o "Drivers/STM32H7xx_HAL_Driver/stm32h7xx_hal_pwr.o"
arm-none-eabi-gcc "C:/Users/uller/OneDrive - Danmarks Tekniske Universitet/Uni/Kandidat/Sommer semester/SpecialCourse/GIT/Pedictive-Maintenance/Projects/IIS3DWB/Drivers/STM32H7xx_HAL_Driver/Src/stm32h7xx_hal_pwr_ex.c" -mcpu=cortex-m4 -std=gnu11 -g3 -DDEBUG -DCORE_CM4 -DUSE_HAL_DRIVER -DSTM32H755xx -DUSE_NUCLEO_64 -c -I../Core/Inc -I../../Drivers/STM32H7xx_HAL_Driver/Inc -I../../Drivers/STM32H7xx_HAL_Driver/Inc/Legacy -I../../Drivers/BSP/STM32H7xx_Nucleo -I../../Drivers/CMSIS/Device/ST/STM32H7xx/Include -I../../Drivers/CMSIS/Include -O0 -ffunction-sections -fdata-sections -Wall -fstack-usage -fcyclomatic-complexity -MMD -MP -MF"Drivers/STM32H7xx_HAL_Driver/stm32h7xx_hal_pwr_ex.d" -MT"Drivers/STM32H7xx_HAL_Driver/stm32h7xx_hal_pwr_ex.o" --specs=nano.specs -mfpu=fpv4-sp-d16 -mfloat-abi=hard -mthumb -o "Drivers/STM32H7xx_HAL_Driver/stm32h7xx_hal_pwr_ex.o"
arm-none-eabi-gcc "C:/Users/uller/OneDrive - Danmarks Tekniske Universitet/Uni/Kandidat/Sommer semester/SpecialCourse/GIT/Pedictive-Maintenance/Projects/IIS3DWB/Drivers/STM32H7xx_HAL_Driver/Src/stm32h7xx_hal_rcc.c" -mcpu=cortex-m4 -std=gnu11 -g3 -DDEBUG -DCORE_CM4 -DUSE_HAL_DRIVER -DSTM32H755xx -DUSE_NUCLEO_64 -c -I../Core/Inc -I../../Drivers/STM32H7xx_HAL_Driver/Inc -I../../Drivers/STM32H7xx_HAL_Driver/Inc/Legacy -I../../Drivers/BSP/STM32H7xx_Nucleo -I../../Drivers/CMSIS/Device/ST/STM32H7xx/Include -I../../Drivers/CMSIS/Include -O0 -ffunction-sections -fdata-sections -Wall -fstack-usage -fcyclomatic-complexity -MMD -MP -MF"Drivers/STM32H7xx_HAL_Driver/stm32h7xx_hal_rcc.d" -MT"Drivers/STM32H7xx_HAL_Driver/stm32h7xx_hal_rcc.o" --specs=nano.specs -mfpu=fpv4-sp-d16 -mfloat-abi=hard -mthumb -o "Drivers/STM32H7xx_HAL_Driver/stm32h7xx_hal_rcc.o"
arm-none-eabi-gcc "C:/Users/uller/OneDrive - Danmarks Tekniske Universitet/Uni/Kandidat/Sommer semester/SpecialCourse/GIT/Pedictive-Maintenance/Projects/IIS3DWB/Drivers/STM32H7xx_HAL_Driver/Src/stm32h7xx_hal_rcc_ex.c" -mcpu=cortex-m4 -std=gnu11 -g3 -DDEBUG -DCORE_CM4 -DUSE_HAL_DRIVER -DSTM32H755xx -DUSE_NUCLEO_64 -c -I../Core/Inc -I../../Drivers/STM32H7xx_HAL_Driver/Inc -I../../Drivers/STM32H7xx_HAL_Driver/Inc/Legacy -I../../Drivers/BSP/STM32H7xx_Nucleo -I../../Drivers/CMSIS/Device/ST/STM32H7xx/Include -I../../Drivers/CMSIS/Include -O0 -ffunction-sections -fdata-sections -Wall -fstack-usage -fcyclomatic-complexity -MMD -MP -MF"Drivers/STM32H7xx_HAL_Driver/stm32h7xx_hal_rcc_ex.d" -MT"Drivers/STM32H7xx_HAL_Driver/stm32h7xx_hal_rcc_ex.o" --specs=nano.specs -mfpu=fpv4-sp-d16 -mfloat-abi=hard -mthumb -o "Drivers/STM32H7xx_HAL_Driver/stm32h7xx_hal_rcc_ex.o"
arm-none-eabi-gcc "C:/Users/uller/OneDrive - Danmarks Tekniske Universitet/Uni/Kandidat/Sommer semester/SpecialCourse/GIT/Pedictive-Maintenance/Projects/IIS3DWB/Drivers/STM32H7xx_HAL_Driver/Src/stm32h7xx_hal_tim.c" -mcpu=cortex-m4 -std=gnu11 -g3 -DDEBUG -DCORE_CM4 -DUSE_HAL_DRIVER -DSTM32H755xx -DUSE_NUCLEO_64 -c -I../Core/Inc -I../../Drivers/STM32H7xx_HAL_Driver/Inc -I../../Drivers/STM32H7xx_HAL_Driver/Inc/Legacy -I../../Drivers/BSP/STM32H7xx_Nucleo -I../../Drivers/CMSIS/Device/ST/STM32H7xx/Include -I../../Drivers/CMSIS/Include -O0 -ffunction-sections -fdata-sections -Wall -fstack-usage -fcyclomatic-complexity -MMD -MP -MF"Drivers/STM32H7xx_HAL_Driver/stm32h7xx_hal_tim.d" -MT"Drivers/STM32H7xx_HAL_Driver/stm32h7xx_hal_tim.o" --specs=nano.specs -mfpu=fpv4-sp-d16 -mfloat-abi=hard -mthumb -o "Drivers/STM32H7xx_HAL_Driver/stm32h7xx_hal_tim.o"
arm-none-eabi-gcc "C:/Users/uller/OneDrive - Danmarks Tekniske Universitet/Uni/Kandidat/Sommer semester/SpecialCourse/GIT/Pedictive-Maintenance/Projects/IIS3DWB/Drivers/STM32H7xx_HAL_Driver/Src/stm32h7xx_hal_tim_ex.c" -mcpu=cortex-m4 -std=gnu11 -g3 -DDEBUG -DCORE_CM4 -DUSE_HAL_DRIVER -DSTM32H755xx -DUSE_NUCLEO_64 -c -I../Core/Inc -I../../Drivers/STM32H7xx_HAL_Driver/Inc -I../../Drivers/STM32H7xx_HAL_Driver/Inc/Legacy -I../../Drivers/BSP/STM32H7xx_Nucleo -I../../Drivers/CMSIS/Device/ST/STM32H7xx/Include -I../../Drivers/CMSIS/Include -O0 -ffunction-sections -fdata-sections -Wall -fstack-usage -fcyclomatic-complexity -MMD -MP -MF"Drivers/STM32H7xx_HAL_Driver/stm32h7xx_hal_tim_ex.d" -MT"Drivers/STM32H7xx_HAL_Driver/stm32h7xx_hal_tim_ex.o" --specs=nano.specs -mfpu=fpv4-sp-d16 -mfloat-abi=hard -mthumb -o "Drivers/STM32H7xx_HAL_Driver/stm32h7xx_hal_tim_ex.o"
arm-none-eabi-gcc "C:/Users/uller/OneDrive - Danmarks Tekniske Universitet/Uni/Kandidat/Sommer semester/SpecialCourse/GIT/Pedictive-Maintenance/Projects/IIS3DWB/Drivers/STM32H7xx_HAL_Driver/Src/stm32h7xx_hal_uart.c" -mcpu=cortex-m4 -std=gnu11 -g3 -DDEBUG -DCORE_CM4 -DUSE_HAL_DRIVER -DSTM32H755xx -DUSE_NUCLEO_64 -c -I../Core/Inc -I../../Drivers/STM32H7xx_HAL_Driver/Inc -I../../Drivers/STM32H7xx_HAL_Driver/Inc/Legacy -I../../Drivers/BSP/STM32H7xx_Nucleo -I../../Drivers/CMSIS/Device/ST/STM32H7xx/Include -I../../Drivers/CMSIS/Include -O0 -ffunction-sections -fdata-sections -Wall -fstack-usage -fcyclomatic-complexity -MMD -MP -MF"Drivers/STM32H7xx_HAL_Driver/stm32h7xx_hal_uart.d" -MT"Drivers/STM32H7xx_HAL_Driver/stm32h7xx_hal_uart.o" --specs=nano.specs -mfpu=fpv4-sp-d16 -mfloat-abi=hard -mthumb -o "Drivers/STM32H7xx_HAL_Driver/stm32h7xx_hal_uart.o"
arm-none-eabi-gcc "C:/Users/uller/OneDrive - Danmarks Tekniske Universitet/Uni/Kandidat/Sommer semester/SpecialCourse/GIT/Pedictive-Maintenance/Projects/IIS3DWB/Drivers/STM32H7xx_HAL_Driver/Src/stm32h7xx_hal_uart_ex.c" -mcpu=cortex-m4 -std=gnu11 -g3 -DDEBUG -DCORE_CM4 -DUSE_HAL_DRIVER -DSTM32H755xx -DUSE_NUCLEO_64 -c -I../Core/Inc -I../../Drivers/STM32H7xx_HAL_Driver/Inc -I../../Drivers/STM32H7xx_HAL_Driver/Inc/Legacy -I../../Drivers/BSP/STM32H7xx_Nucleo -I../../Drivers/CMSIS/Device/ST/STM32H7xx/Include -I../../Drivers/CMSIS/Include -O0 -ffunction-sections -fdata-sections -Wall -fstack-usage -fcyclomatic-complexity -MMD -MP -MF"Drivers/STM32H7xx_HAL_Driver/stm32h7xx_hal_uart_ex.d" -MT"Drivers/STM32H7xx_HAL_Driver/stm32h7xx_hal_uart_ex.o" --specs=nano.specs -mfpu=fpv4-sp-d16 -mfloat-abi=hard -mthumb -o "Drivers/STM32H7xx_HAL_Driver/stm32h7xx_hal_uart_ex.o"
arm-none-eabi-gcc "C:/Users/uller/OneDrive - Danmarks Tekniske Universitet/Uni/Kandidat/Sommer semester/SpecialCourse/GIT/Pedictive-Maintenance/Projects/IIS3DWB/Drivers/STM32H7xx_HAL_Driver/Src/stm32h7xx_hal_usart.c" -mcpu=cortex-m4 -std=gnu11 -g3 -DDEBUG -DCORE_CM4 -DUSE_HAL_DRIVER -DSTM32H755xx -DUSE_NUCLEO_64 -c -I../Core/Inc -I../../Drivers/STM32H7xx_HAL_Driver/Inc -I../../Drivers/STM32H7xx_HAL_Driver/Inc/Legacy -I../../Drivers/BSP/STM32H7xx_Nucleo -I../../Drivers/CMSIS/Device/ST/STM32H7xx/Include -I../../Drivers/CMSIS/Include -O0 -ffunction-sections -fdata-sections -Wall -fstack-usage -fcyclomatic-complexity -MMD -MP -MF"Drivers/STM32H7xx_HAL_Driver/stm32h7xx_hal_usart.d" -MT"Drivers/STM32H7xx_HAL_Driver/stm32h7xx_hal_usart.o" --specs=nano.specs -mfpu=fpv4-sp-d16 -mfloat-abi=hard -mthumb -o "Drivers/STM32H7xx_HAL_Driver/stm32h7xx_hal_usart.o"
arm-none-eabi-gcc "C:/Users/uller/OneDrive - Danmarks Tekniske Universitet/Uni/Kandidat/Sommer semester/SpecialCourse/GIT/Pedictive-Maintenance/Projects/IIS3DWB/Drivers/STM32H7xx_HAL_Driver/Src/stm32h7xx_hal_usart_ex.c" -mcpu=cortex-m4 -std=gnu11 -g3 -DDEBUG -DCORE_CM4 -DUSE_HAL_DRIVER -DSTM32H755xx -DUSE_NUCLEO_64 -c -I../Core/Inc -I../../Drivers/STM32H7xx_HAL_Driver/Inc -I../../Drivers/STM32H7xx_HAL_Driver/Inc/Legacy -I../../Drivers/BSP/STM32H7xx_Nucleo -I../../Drivers/CMSIS/Device/ST/STM32H7xx/Include -I../../Drivers/CMSIS/Include -O0 -ffunction-sections -fdata-sections -Wall -fstack-usage -fcyclomatic-complexity -MMD -MP -MF"Drivers/STM32H7xx_HAL_Driver/stm32h7xx_hal_usart_ex.d" -MT"Drivers/STM32H7xx_HAL_Driver/stm32h7xx_hal_usart_ex.o" --specs=nano.specs -mfpu=fpv4-sp-d16 -mfloat-abi=hard -mthumb -o "Drivers/STM32H7xx_HAL_Driver/stm32h7xx_hal_usart_ex.o"
arm-none-eabi-gcc "C:/Users/uller/OneDrive - Danmarks Tekniske Universitet/Uni/Kandidat/Sommer semester/SpecialCourse/GIT/Pedictive-Maintenance/Projects/IIS3DWB/Drivers/BSP/STM32H7xx_Nucleo/stm32h7xx_nucleo.c" -mcpu=cortex-m4 -std=gnu11 -g3 -DDEBUG -DCORE_CM4 -DUSE_HAL_DRIVER -DSTM32H755xx -DUSE_NUCLEO_64 -c -I../Core/Inc -I../../Drivers/STM32H7xx_HAL_Driver/Inc -I../../Drivers/STM32H7xx_HAL_Driver/Inc/Legacy -I../../Drivers/BSP/STM32H7xx_Nucleo -I../../Drivers/CMSIS/Device/ST/STM32H7xx/Include -I../../Drivers/CMSIS/Include -O0 -ffunction-sections -fdata-sections -Wall -fstack-usage -fcyclomatic-complexity -MMD -MP -MF"Drivers/BSP/STM32H7xx_Nucleo/stm32h7xx_nucleo.d" -MT"Drivers/BSP/STM32H7xx_Nucleo/stm32h7xx_nucleo.o" --specs=nano.specs -mfpu=fpv4-sp-d16 -mfloat-abi=hard -mthumb -o "Drivers/BSP/STM32H7xx_Nucleo/stm32h7xx_nucleo.o"
arm-none-eabi-gcc -mcpu=cortex-m4 -g3 -DDEBUG -c -x assembler-with-cpp -MMD -MP -MF"Core/Startup/startup_stm32h755zitx.d" -MT"Core/Startup/startup_stm32h755zitx.o" --specs=nano.specs -mfpu=fpv4-sp-d16 -mfloat-abi=hard -mthumb -o "Core/Startup/startup_stm32h755zitx.o" "../Core/Startup/startup_stm32h755zitx.s"
arm-none-eabi-gcc "../Core/Src/main.c" -mcpu=cortex-m4 -std=gnu11 -g3 -DDEBUG -DCORE_CM4 -DUSE_HAL_DRIVER -DSTM32H755xx -DUSE_NUCLEO_64 -c -I../Core/Inc -I../../Drivers/STM32H7xx_HAL_Driver/Inc -I../../Drivers/STM32H7xx_HAL_Driver/Inc/Legacy -I../../Drivers/BSP/STM32H7xx_Nucleo -I../../Drivers/CMSIS/Device/ST/STM32H7xx/Include -I../../Drivers/CMSIS/Include -O0 -ffunction-sections -fdata-sections -Wall -fstack-usage -fcyclomatic-complexity -MMD -MP -MF"Core/Src/main.d" -MT"Core/Src/main.o" --specs=nano.specs -mfpu=fpv4-sp-d16 -mfloat-abi=hard -mthumb -o "Core/Src/main.o"
arm-none-eabi-gcc "../Core/Src/stm32h7xx_hal_msp.c" -mcpu=cortex-m4 -std=gnu11 -g3 -DDEBUG -DCORE_CM4 -DUSE_HAL_DRIVER -DSTM32H755xx -DUSE_NUCLEO_64 -c -I../Core/Inc -I../../Drivers/STM32H7xx_HAL_Driver/Inc -I../../Drivers/STM32H7xx_HAL_Driver/Inc/Legacy -I../../Drivers/BSP/STM32H7xx_Nucleo -I../../Drivers/CMSIS/Device/ST/STM32H7xx/Include -I../../Drivers/CMSIS/Include -O0 -ffunction-sections -fdata-sections -Wall -fstack-usage -fcyclomatic-complexity -MMD -MP -MF"Core/Src/stm32h7xx_hal_msp.d" -MT"Core/Src/stm32h7xx_hal_msp.o" --specs=nano.specs -mfpu=fpv4-sp-d16 -mfloat-abi=hard -mthumb -o "Core/Src/stm32h7xx_hal_msp.o"
arm-none-eabi-gcc "../Core/Src/stm32h7xx_it.c" -mcpu=cortex-m4 -std=gnu11 -g3 -DDEBUG -DCORE_CM4 -DUSE_HAL_DRIVER -DSTM32H755xx -DUSE_NUCLEO_64 -c -I../Core/Inc -I../../Drivers/STM32H7xx_HAL_Driver/Inc -I../../Drivers/STM32H7xx_HAL_Driver/Inc/Legacy -I../../Drivers/BSP/STM32H7xx_Nucleo -I../../Drivers/CMSIS/Device/ST/STM32H7xx/Include -I../../Drivers/CMSIS/Include -O0 -ffunction-sections -fdata-sections -Wall -fstack-usage -fcyclomatic-complexity -MMD -MP -MF"Core/Src/stm32h7xx_it.d" -MT"Core/Src/stm32h7xx_it.o" --specs=nano.specs -mfpu=fpv4-sp-d16 -mfloat-abi=hard -mthumb -o "Core/Src/stm32h7xx_it.o"
arm-none-eabi-gcc "../Core/Src/syscalls.c" -mcpu=cortex-m4 -std=gnu11 -g3 -DDEBUG -DCORE_CM4 -DUSE_HAL_DRIVER -DSTM32H755xx -DUSE_NUCLEO_64 -c -I../Core/Inc -I../../Drivers/STM32H7xx_HAL_Driver/Inc -I../../Drivers/STM32H7xx_HAL_Driver/Inc/Legacy -I../../Drivers/BSP/STM32H7xx_Nucleo -I../../Drivers/CMSIS/Device/ST/STM32H7xx/Include -I../../Drivers/CMSIS/Include -O0 -ffunction-sections -fdata-sections -Wall -fstack-usage -fcyclomatic-complexity -MMD -MP -MF"Core/Src/syscalls.d" -MT"Core/Src/syscalls.o" --specs=nano.specs -mfpu=fpv4-sp-d16 -mfloat-abi=hard -mthumb -o "Core/Src/syscalls.o"
arm-none-eabi-gcc "../Core/Src/sysmem.c" -mcpu=cortex-m4 -std=gnu11 -g3 -DDEBUG -DCORE_CM4 -DUSE_HAL_DRIVER -DSTM32H755xx -DUSE_NUCLEO_64 -c -I../Core/Inc -I../../Drivers/STM32H7xx_HAL_Driver/Inc -I../../Drivers/STM32H7xx_HAL_Driver/Inc/Legacy -I../../Drivers/BSP/STM32H7xx_Nucleo -I../../Drivers/CMSIS/Device/ST/STM32H7xx/Include -I../../Drivers/CMSIS/Include -O0 -ffunction-sections -fdata-sections -Wall -fstack-usage -fcyclomatic-complexity -MMD -MP -MF"Core/Src/sysmem.d" -MT"Core/Src/sysmem.o" --specs=nano.specs -mfpu=fpv4-sp-d16 -mfloat-abi=hard -mthumb -o "Core/Src/sysmem.o"
arm-none-eabi-gcc "C:/Users/uller/OneDrive - Danmarks Tekniske Universitet/Uni/Kandidat/Sommer semester/SpecialCourse/GIT/Pedictive-Maintenance/Projects/IIS3DWB/Common/Src/system_stm32h7xx_dualcore_boot_cm4_cm7.c" -mcpu=cortex-m4 -std=gnu11 -g3 -DDEBUG -DCORE_CM4 -DUSE_HAL_DRIVER -DSTM32H755xx -DUSE_NUCLEO_64 -c -I../Core/Inc -I../../Drivers/STM32H7xx_HAL_Driver/Inc -I../../Drivers/STM32H7xx_HAL_Driver/Inc/Legacy -I../../Drivers/BSP/STM32H7xx_Nucleo -I../../Drivers/CMSIS/Device/ST/STM32H7xx/Include -I../../Drivers/CMSIS/Include -O0 -ffunction-sections -fdata-sections -Wall -fstack-usage -fcyclomatic-complexity -MMD -MP -MF"Common/Src/system_stm32h7xx_dualcore_boot_cm4_cm7.d" -MT"Common/Src/system_stm32h7xx_dualcore_boot_cm4_cm7.o" --specs=nano.specs -mfpu=fpv4-sp-d16 -mfloat-abi=hard -mthumb -o "Common/Src/system_stm32h7xx_dualcore_boot_cm4_cm7.o"
arm-none-eabi-g++ -o "IIS3DWB_CM4.elf" @"objects.list"   -mcpu=cortex-m4 -T"C:\Users\uller\OneDrive - Danmarks Tekniske Universitet\Uni\Kandidat\Sommer semester\SpecialCourse\GIT\Pedictive-Maintenance\Projects\IIS3DWB\CM4\STM32H755ZITX_FLASH.ld" --specs=nosys.specs -Wl,-Map="IIS3DWB_CM4.map" -Wl,--gc-sections -static --specs=nano.specs -mfpu=fpv4-sp-d16 -mfloat-abi=hard -mthumb -Wl,--start-group -lc -lm -lstdc++ -lsupc++ -Wl,--end-group
Finished building target: IIS3DWB_CM4.elf
 
arm-none-eabi-size  IIS3DWB_CM4.elf 
arm-none-eabi-objdump -h -S IIS3DWB_CM4.elf  > "IIS3DWB_CM4.list"
   text	   data	    bss	    dec	    hex	filename
   3148	     16	   1568	   4732	   127c	IIS3DWB_CM4.elf
Finished building: default.size.stdout
 
Finished building: IIS3DWB_CM4.list
 
11:37:59 **** Incremental Build of configuration Debug for project Blinky_CM4 ****
make -j4 all 
arm-none-eabi-size  Blinky_CM4.elf 
   text	   data	    bss	    dec	    hex	filename
   4560	     28	   1572	   6160	   1810	Blinky_CM4.elf
Finished building: default.size.stdout
 
11:38:00 **** Incremental Build of configuration Debug for project IIS3DWB_CM7 ****
make -j4 all 
arm-none-eabi-size  IIS3DWB_CM7.elf 
   text	   data	    bss	    dec	    hex	filename
  15364	     44	   1740	  17148	   42fc	IIS3DWB_CM7.elf
Finished building: default.size.stdout
 
11:41:11 **** Incremental Build of configuration Debug for project IIS3DWB_CM4 ****
make -j4 all 
arm-none-eabi-gcc "../Core/Src/main.c" -mcpu=cortex-m4 -std=gnu11 -g3 -DDEBUG -DCORE_CM4 -DUSE_HAL_DRIVER -DSTM32H755xx -DUSE_NUCLEO_64 -c -I../Core/Inc -I../../Drivers/STM32H7xx_HAL_Driver/Inc -I../../Drivers/STM32H7xx_HAL_Driver/Inc/Legacy -I../../Drivers/BSP/STM32H7xx_Nucleo -I../../Drivers/CMSIS/Device/ST/STM32H7xx/Include -I../../Drivers/CMSIS/Include -O0 -ffunction-sections -fdata-sections -Wall -fstack-usage -fcyclomatic-complexity -MMD -MP -MF"Core/Src/main.d" -MT"Core/Src/main.o" --specs=nano.specs -mfpu=fpv4-sp-d16 -mfloat-abi=hard -mthumb -o "Core/Src/main.o"
arm-none-eabi-g++ -o "IIS3DWB_CM4.elf" @"objects.list"   -mcpu=cortex-m4 -T"C:\Users\uller\OneDrive - Danmarks Tekniske Universitet\Uni\Kandidat\Sommer semester\SpecialCourse\GIT\Pedictive-Maintenance\Projects\IIS3DWB\CM4\STM32H755ZITX_FLASH.ld" --specs=nosys.specs -Wl,-Map="IIS3DWB_CM4.map" -Wl,--gc-sections -static --specs=nano.specs -mfpu=fpv4-sp-d16 -mfloat-abi=hard -mthumb -Wl,--start-group -lc -lm -lstdc++ -lsupc++ -Wl,--end-group
Finished building target: IIS3DWB_CM4.elf
 
arm-none-eabi-size  IIS3DWB_CM4.elf 
arm-none-eabi-objdump -h -S IIS3DWB_CM4.elf  > "IIS3DWB_CM4.list"
   text	   data	    bss	    dec	    hex	filename
   3404	     28	   1572	   5004	   138c	IIS3DWB_CM4.elf
Finished building: default.size.stdout
 
Finished building: IIS3DWB_CM4.list
 
11:41:35 **** Incremental Build of configuration Debug for project Blinky_CM4 ****
make -j4 all 
arm-none-eabi-size  Blinky_CM4.elf 
   text	   data	    bss	    dec	    hex	filename
   4560	     28	   1572	   6160	   1810	Blinky_CM4.elf
Finished building: default.size.stdout
 
11:41:36 **** Incremental Build of configuration Debug for project IIS3DWB_CM7 ****
make -j4 all 
arm-none-eabi-gcc "../Core/Src/main.c" -mcpu=cortex-m7 -std=gnu11 -g3 -DDEBUG -DCORE_CM7 -DUSE_HAL_DRIVER -DSTM32H755xx -DUSE_NUCLEO_64 -c -I../Core/Inc -I../../Drivers/STM32H7xx_HAL_Driver/Inc -I../../Drivers/STM32H7xx_HAL_Driver/Inc/Legacy -I../../Drivers/BSP/STM32H7xx_Nucleo -I../../Drivers/CMSIS/Device/ST/STM32H7xx/Include -I../../Drivers/CMSIS/Include -O0 -ffunction-sections -fdata-sections -Wall -fstack-usage -fcyclomatic-complexity -MMD -MP -MF"Core/Src/main.d" -MT"Core/Src/main.o" --specs=nano.specs -mfpu=fpv5-d16 -mfloat-abi=hard -mthumb -o "Core/Src/main.o"
../Core/Src/main.c: In function 'main':
../Core/Src/main.c:151:32: error: expected ';' before 'HAL_Delay'
  151 |         BSP_LED_Toggle(LED_RED)
      |                                ^
      |                                ;
  152 |         HAL_Delay(1000);
      |         ~~~~~~~~~               
make: *** [Core/Src/subdir.mk:31: Core/Src/main.o] Error 1
"make -j4 all" terminated with exit code 2. Build might be incomplete.
11:41:45 **** Incremental Build of configuration Debug for project Blinky_CM4 ****
make -j4 all 
arm-none-eabi-size  Blinky_CM4.elf 
   text	   data	    bss	    dec	    hex	filename
   4560	     28	   1572	   6160	   1810	Blinky_CM4.elf
Finished building: default.size.stdout
 
11:41:46 **** Incremental Build of configuration Debug for project IIS3DWB_CM7 ****
make -j4 all 
arm-none-eabi-gcc "../Core/Src/main.c" -mcpu=cortex-m7 -std=gnu11 -g3 -DDEBUG -DCORE_CM7 -DUSE_HAL_DRIVER -DSTM32H755xx -DUSE_NUCLEO_64 -c -I../Core/Inc -I../../Drivers/STM32H7xx_HAL_Driver/Inc -I../../Drivers/STM32H7xx_HAL_Driver/Inc/Legacy -I../../Drivers/BSP/STM32H7xx_Nucleo -I../../Drivers/CMSIS/Device/ST/STM32H7xx/Include -I../../Drivers/CMSIS/Include -O0 -ffunction-sections -fdata-sections -Wall -fstack-usage -fcyclomatic-complexity -MMD -MP -MF"Core/Src/main.d" -MT"Core/Src/main.o" --specs=nano.specs -mfpu=fpv5-d16 -mfloat-abi=hard -mthumb -o "Core/Src/main.o"
arm-none-eabi-g++ -o "IIS3DWB_CM7.elf" @"objects.list"   -mcpu=cortex-m7 -T"C:\Users\uller\OneDrive - Danmarks Tekniske Universitet\Uni\Kandidat\Sommer semester\SpecialCourse\GIT\Pedictive-Maintenance\Projects\IIS3DWB\CM7\STM32H755ZITX_FLASH.ld" --specs=nosys.specs -Wl,-Map="IIS3DWB_CM7.map" -Wl,--gc-sections -static --specs=nano.specs -mfpu=fpv5-d16 -mfloat-abi=hard -mthumb -Wl,--start-group -lc -lm -lstdc++ -lsupc++ -Wl,--end-group
Finished building target: IIS3DWB_CM7.elf
 
arm-none-eabi-size  IIS3DWB_CM7.elf 
arm-none-eabi-objdump -h -S IIS3DWB_CM7.elf  > "IIS3DWB_CM7.list"
   text	   data	    bss	    dec	    hex	filename
  15584	     44	   1740	  17368	   43d8	IIS3DWB_CM7.elf
Finished building: default.size.stdout
 
Finished building: IIS3DWB_CM7.list
 
11:42:03 **** Incremental Build of configuration Debug for project IIS3DWB_CM4 ****
make -j4 all 
arm-none-eabi-size  IIS3DWB_CM4.elf 
   text	   data	    bss	    dec	    hex	filename
   3404	     28	   1572	   5004	   138c	IIS3DWB_CM4.elf
Finished building: default.size.stdout
 
11:42:22 **** Incremental Build of configuration Debug for project Blinky_CM4 ****
make -j4 all 
arm-none-eabi-size  Blinky_CM4.elf 
   text	   data	    bss	    dec	    hex	filename
   4560	     28	   1572	   6160	   1810	Blinky_CM4.elf
Finished building: default.size.stdout
 
11:42:22 **** Incremental Build of configuration Debug for project IIS3DWB_CM7 ****
make -j4 all 
arm-none-eabi-size  IIS3DWB_CM7.elf 
   text	   data	    bss	    dec	    hex	filename
  15584	     44	   1740	  17368	   43d8	IIS3DWB_CM7.elf
Finished building: default.size.stdout
 
11:44:21 **** Incremental Build of configuration Debug for project IIS3DWB_CM4 ****
make -j4 all 
arm-none-eabi-size  IIS3DWB_CM4.elf 
   text	   data	    bss	    dec	    hex	filename
   3404	     28	   1572	   5004	   138c	IIS3DWB_CM4.elf
Finished building: default.size.stdout
 
11:44:22 **** Incremental Build of configuration Debug for project IIS3DWB_CM7 ****
make -j4 all 
arm-none-eabi-size  IIS3DWB_CM7.elf 
   text	   data	    bss	    dec	    hex	filename
  15584	     44	   1740	  17368	   43d8	IIS3DWB_CM7.elf
Finished building: default.size.stdout
 
11:55:51 **** Incremental Build of configuration Debug for project IIS3DWB_CM4 ****
make -j4 all 
arm-none-eabi-size  IIS3DWB_CM4.elf 
   text	   data	    bss	    dec	    hex	filename
   3404	     28	   1572	   5004	   138c	IIS3DWB_CM4.elf
Finished building: default.size.stdout
 
11:56:00 **** Incremental Build of configuration Debug for project IIS3DWB_CM4 ****
make -j4 all 
arm-none-eabi-size  IIS3DWB_CM4.elf 
   text	   data	    bss	    dec	    hex	filename
   3404	     28	   1572	   5004	   138c	IIS3DWB_CM4.elf
Finished building: default.size.stdout
 
11:56:01 **** Incremental Build of configuration Debug for project IIS3DWB_CM7 ****
make -j4 all 
arm-none-eabi-size  IIS3DWB_CM7.elf 
   text	   data	    bss	    dec	    hex	filename
  15584	     44	   1740	  17368	   43d8	IIS3DWB_CM7.elf
Finished building: default.size.stdout
 
11:57:14 **** Incremental Build of configuration Debug for project IIS3DWB_CM4 ****
make -j4 all 
arm-none-eabi-size  IIS3DWB_CM4.elf 
   text	   data	    bss	    dec	    hex	filename
   3404	     28	   1572	   5004	   138c	IIS3DWB_CM4.elf
Finished building: default.size.stdout
 
11:57:23 **** Incremental Build of configuration Debug for project IIS3DWB_CM4 ****
make -j4 all 
arm-none-eabi-size  IIS3DWB_CM4.elf 
   text	   data	    bss	    dec	    hex	filename
   3404	     28	   1572	   5004	   138c	IIS3DWB_CM4.elf
Finished building: default.size.stdout
 
11:57:24 **** Incremental Build of configuration Debug for project IIS3DWB_CM7 ****
make -j4 all 
arm-none-eabi-size  IIS3DWB_CM7.elf 
   text	   data	    bss	    dec	    hex	filename
  15584	     44	   1740	  17368	   43d8	IIS3DWB_CM7.elf
Finished building: default.size.stdout
 
11:58:54 **** Incremental Build of configuration Debug for project IIS3DWB_CM4 ****
make -j4 all 
arm-none-eabi-size  IIS3DWB_CM4.elf 
   text	   data	    bss	    dec	    hex	filename
   3404	     28	   1572	   5004	   138c	IIS3DWB_CM4.elf
Finished building: default.size.stdout
 
11:59:02 **** Incremental Build of configuration Debug for project IIS3DWB_CM4 ****
make -j4 all 
arm-none-eabi-size  IIS3DWB_CM4.elf 
   text	   data	    bss	    dec	    hex	filename
   3404	     28	   1572	   5004	   138c	IIS3DWB_CM4.elf
Finished building: default.size.stdout
 
11:59:03 **** Incremental Build of configuration Debug for project IIS3DWB_CM7 ****
make -j4 all 
arm-none-eabi-size  IIS3DWB_CM7.elf 
   text	   data	    bss	    dec	    hex	filename
  15584	     44	   1740	  17368	   43d8	IIS3DWB_CM7.elf
Finished building: default.size.stdout
 
11:59:47 **** Incremental Build of configuration Debug for project IIS3DWB_CM4 ****
make -j4 all 
arm-none-eabi-size  IIS3DWB_CM4.elf 
   text	   data	    bss	    dec	    hex	filename
   3404	     28	   1572	   5004	   138c	IIS3DWB_CM4.elf
Finished building: default.size.stdout
 
11:59:48 **** Incremental Build of configuration Debug for project IIS3DWB_CM7 ****
make -j4 all 
arm-none-eabi-size  IIS3DWB_CM7.elf 
   text	   data	    bss	    dec	    hex	filename
  15584	     44	   1740	  17368	   43d8	IIS3DWB_CM7.elf
Finished building: default.size.stdout
 
11:59:59 **** Incremental Build of configuration Debug for project IIS3DWB_CM4 ****
make -j4 all 
arm-none-eabi-size  IIS3DWB_CM4.elf 
   text	   data	    bss	    dec	    hex	filename
   3404	     28	   1572	   5004	   138c	IIS3DWB_CM4.elf
Finished building: default.size.stdout
 
12:00:38 **** Incremental Build of configuration Debug for project IIS3DWB_CM4 ****
make -j4 all 
arm-none-eabi-size  IIS3DWB_CM4.elf 
   text	   data	    bss	    dec	    hex	filename
   3404	     28	   1572	   5004	   138c	IIS3DWB_CM4.elf
Finished building: default.size.stdout
 
12:00:38 **** Incremental Build of configuration Debug for project IIS3DWB_CM7 ****
make -j4 all 
arm-none-eabi-size  IIS3DWB_CM7.elf 
   text	   data	    bss	    dec	    hex	filename
  15584	     44	   1740	  17368	   43d8	IIS3DWB_CM7.elf
Finished building: default.size.stdout
 
12:00:49 **** Incremental Build of configuration Debug for project IIS3DWB_CM4 ****
make -j4 all 
arm-none-eabi-size  IIS3DWB_CM4.elf 
   text	   data	    bss	    dec	    hex	filename
   3404	     28	   1572	   5004	   138c	IIS3DWB_CM4.elf
Finished building: default.size.stdout
 
12:02:10 **** Incremental Build of configuration Debug for project IIS3DWB_CM4 ****
make -j4 all 
arm-none-eabi-size  IIS3DWB_CM4.elf 
   text	   data	    bss	    dec	    hex	filename
   3404	     28	   1572	   5004	   138c	IIS3DWB_CM4.elf
Finished building: default.size.stdout
 
12:02:11 **** Incremental Build of configuration Debug for project IIS3DWB_CM7 ****
make -j4 all 
arm-none-eabi-size  IIS3DWB_CM7.elf 
   text	   data	    bss	    dec	    hex	filename
  15584	     44	   1740	  17368	   43d8	IIS3DWB_CM7.elf
Finished building: default.size.stdout
 
12:02:21 **** Incremental Build of configuration Debug for project IIS3DWB_CM4 ****
make -j4 all 
arm-none-eabi-size  IIS3DWB_CM4.elf 
   text	   data	    bss	    dec	    hex	filename
   3404	     28	   1572	   5004	   138c	IIS3DWB_CM4.elf
Finished building: default.size.stdout
 
12:08:10 **** Incremental Build of configuration Debug for project IIS3DWB_CM4 ****
make -j4 all 
arm-none-eabi-size  IIS3DWB_CM4.elf 
   text	   data	    bss	    dec	    hex	filename
   3404	     28	   1572	   5004	   138c	IIS3DWB_CM4.elf
Finished building: default.size.stdout
 
12:08:11 **** Incremental Build of configuration Debug for project IIS3DWB_CM7 ****
make -j4 all 
arm-none-eabi-size  IIS3DWB_CM7.elf 
   text	   data	    bss	    dec	    hex	filename
  15584	     44	   1740	  17368	   43d8	IIS3DWB_CM7.elf
Finished building: default.size.stdout
 
12:08:23 **** Incremental Build of configuration Debug for project IIS3DWB_CM4 ****
make -j4 all 
arm-none-eabi-size  IIS3DWB_CM4.elf 
   text	   data	    bss	    dec	    hex	filename
   3404	     28	   1572	   5004	   138c	IIS3DWB_CM4.elf
Finished building: default.size.stdout
 
12:09:37 **** Incremental Build of configuration Debug for project IIS3DWB_CM4 ****
make -j4 all 
arm-none-eabi-size  IIS3DWB_CM4.elf 
   text	   data	    bss	    dec	    hex	filename
   3404	     28	   1572	   5004	   138c	IIS3DWB_CM4.elf
Finished building: default.size.stdout
 
12:09:38 **** Incremental Build of configuration Debug for project IIS3DWB_CM7 ****
make -j4 all 
arm-none-eabi-size  IIS3DWB_CM7.elf 
   text	   data	    bss	    dec	    hex	filename
  15584	     44	   1740	  17368	   43d8	IIS3DWB_CM7.elf
Finished building: default.size.stdout
 
12:09:59 **** Incremental Build of configuration Debug for project IIS3DWB_CM4 ****
make -j4 all 
arm-none-eabi-size  IIS3DWB_CM4.elf 
   text	   data	    bss	    dec	    hex	filename
   3404	     28	   1572	   5004	   138c	IIS3DWB_CM4.elf
Finished building: default.size.stdout
 
12:10:22 **** Incremental Build of configuration Debug for project IIS3DWB_CM4 ****
make -j4 all 
arm-none-eabi-size  IIS3DWB_CM4.elf 
   text	   data	    bss	    dec	    hex	filename
   3404	     28	   1572	   5004	   138c	IIS3DWB_CM4.elf
Finished building: default.size.stdout
 
12:10:23 **** Incremental Build of configuration Debug for project IIS3DWB_CM7 ****
make -j4 all 
arm-none-eabi-size  IIS3DWB_CM7.elf 
   text	   data	    bss	    dec	    hex	filename
  15584	     44	   1740	  17368	   43d8	IIS3DWB_CM7.elf
Finished building: default.size.stdout
 
12:10:39 **** Incremental Build of configuration Debug for project IIS3DWB_CM4 ****
make -j4 all 
arm-none-eabi-size  IIS3DWB_CM4.elf 
   text	   data	    bss	    dec	    hex	filename
   3404	     28	   1572	   5004	   138c	IIS3DWB_CM4.elf
Finished building: default.size.stdout
 
12:11:12 **** Incremental Build of configuration Debug for project IIS3DWB_CM4 ****
make -j4 all 
arm-none-eabi-size  IIS3DWB_CM4.elf 
   text	   data	    bss	    dec	    hex	filename
   3404	     28	   1572	   5004	   138c	IIS3DWB_CM4.elf
Finished building: default.size.stdout
 
12:11:20 **** Incremental Build of configuration Debug for project IIS3DWB_CM4 ****
make -j4 all 
arm-none-eabi-size  IIS3DWB_CM4.elf 
   text	   data	    bss	    dec	    hex	filename
   3404	     28	   1572	   5004	   138c	IIS3DWB_CM4.elf
Finished building: default.size.stdout
 
12:11:21 **** Incremental Build of configuration Debug for project IIS3DWB_CM7 ****
make -j4 all 
arm-none-eabi-size  IIS3DWB_CM7.elf 
   text	   data	    bss	    dec	    hex	filename
  15584	     44	   1740	  17368	   43d8	IIS3DWB_CM7.elf
Finished building: default.size.stdout
 
12:14:27 **** Incremental Build of configuration Debug for project IIS3DWB_CM4 ****
make -j4 all 
arm-none-eabi-size  IIS3DWB_CM4.elf 
   text	   data	    bss	    dec	    hex	filename
   3404	     28	   1572	   5004	   138c	IIS3DWB_CM4.elf
Finished building: default.size.stdout
 
12:14:28 **** Incremental Build of configuration Debug for project IIS3DWB_CM7 ****
make -j4 all 
arm-none-eabi-size  IIS3DWB_CM7.elf 
   text	   data	    bss	    dec	    hex	filename
  15584	     44	   1740	  17368	   43d8	IIS3DWB_CM7.elf
Finished building: default.size.stdout
 
12:14:39 **** Incremental Build of configuration Debug for project IIS3DWB_CM4 ****
make -j4 all 
arm-none-eabi-size  IIS3DWB_CM4.elf 
   text	   data	    bss	    dec	    hex	filename
   3404	     28	   1572	   5004	   138c	IIS3DWB_CM4.elf
Finished building: default.size.stdout
 
12:16:31 **** Incremental Build of configuration Debug for project IIS3DWB_CM4 ****
make -j4 all 
arm-none-eabi-size  IIS3DWB_CM4.elf 
   text	   data	    bss	    dec	    hex	filename
   3404	     28	   1572	   5004	   138c	IIS3DWB_CM4.elf
Finished building: default.size.stdout
 
12:20:18 **** Incremental Build of configuration Debug for project IIS3DWB_CM4 ****
make -j4 all 
arm-none-eabi-size  IIS3DWB_CM4.elf 
   text	   data	    bss	    dec	    hex	filename
   3404	     28	   1572	   5004	   138c	IIS3DWB_CM4.elf
Finished building: default.size.stdout
 
12:20:19 **** Incremental Build of configuration Debug for project IIS3DWB_CM7 ****
make -j4 all 
arm-none-eabi-size  IIS3DWB_CM7.elf 
   text	   data	    bss	    dec	    hex	filename
  15584	     44	   1740	  17368	   43d8	IIS3DWB_CM7.elf
Finished building: default.size.stdout
 
12:20:30 **** Incremental Build of configuration Debug for project IIS3DWB_CM4 ****
make -j4 all 
arm-none-eabi-size  IIS3DWB_CM4.elf 
   text	   data	    bss	    dec	    hex	filename
   3404	     28	   1572	   5004	   138c	IIS3DWB_CM4.elf
Finished building: default.size.stdout
 
12:31:11 **** Incremental Build of configuration Debug for project IIS3DWB_CM4 ****
make -j4 all 
arm-none-eabi-size  IIS3DWB_CM4.elf 
   text	   data	    bss	    dec	    hex	filename
   3404	     28	   1572	   5004	   138c	IIS3DWB_CM4.elf
Finished building: default.size.stdout
 
12:31:19 **** Incremental Build of configuration Debug for project IIS3DWB_CM4 ****
make -j4 all 
arm-none-eabi-size  IIS3DWB_CM4.elf 
   text	   data	    bss	    dec	    hex	filename
   3404	     28	   1572	   5004	   138c	IIS3DWB_CM4.elf
Finished building: default.size.stdout
 
12:31:20 **** Incremental Build of configuration Debug for project IIS3DWB_CM7 ****
make -j4 all 
arm-none-eabi-size  IIS3DWB_CM7.elf 
   text	   data	    bss	    dec	    hex	filename
  15584	     44	   1740	  17368	   43d8	IIS3DWB_CM7.elf
Finished building: default.size.stdout
 
